--------------------------------------------------------------------------------
Release 14.7 Trace  (nt64)
Copyright (c) 1995-2013 Xilinx, Inc.  All rights reserved.

C:\Xilinx\14.7\ISE_DS\ISE\bin\nt64\unwrapped\trce.exe -intstyle ise -v 3 -s 3
-n 3 -fastpaths -xml binaryto7seg.twx binaryto7seg.ncd -o binaryto7seg.twr
binaryto7seg.pcf

Design file:              binaryto7seg.ncd
Physical constraint file: binaryto7seg.pcf
Device,package,speed:     xc6slx9,tqg144,C,-3 (PRODUCTION 1.23 2013-10-13)
Report level:             verbose report

Environment Variable      Effect 
--------------------      ------ 
NONE                      No environment variables were set
--------------------------------------------------------------------------------

INFO:Timing:2698 - No timing constraints found, doing default enumeration.
INFO:Timing:3412 - To improve timing, see the Timing Closure User Guide (UG612).
INFO:Timing:2752 - To get complete path coverage, use the unconstrained paths 
   option. All paths that are not constrained will be reported in the 
   unconstrained paths section(s) of the report.
INFO:Timing:3339 - The clock-to-out numbers in this timing report are based on 
   a 50 Ohm transmission line loading model.  For the details of this model, 
   and for more information on accounting for different loading conditions, 
   please see the device datasheet.



Data Sheet report:
-----------------
All values displayed in nanoseconds (ns)

Setup/Hold to clock clk
-------------+------------+------------+------------+------------+------------------+--------+
             |Max Setup to|  Process   |Max Hold to |  Process   |                  | Clock  |
Source       | clk (edge) |   Corner   | clk (edge) |   Corner   |Internal Clock(s) | Phase  |
-------------+------------+------------+------------+------------+------------------+--------+
input_4bit<0>|    2.236(R)|      SLOW  |   -0.114(R)|      SLOW  |clk_BUFGP         |   0.000|
input_4bit<1>|    2.244(R)|      SLOW  |   -0.085(R)|      SLOW  |clk_BUFGP         |   0.000|
input_4bit<2>|    1.989(R)|      SLOW  |    0.052(R)|      SLOW  |clk_BUFGP         |   0.000|
input_4bit<3>|    1.926(R)|      SLOW  |    0.125(R)|      SLOW  |clk_BUFGP         |   0.000|
-------------+------------+------------+------------+------------+------------------+--------+

Clock clk to Pad
--------------+-----------------+------------+-----------------+------------+------------------+--------+
              |Max (slowest) clk|  Process   |Min (fastest) clk|  Process   |                  | Clock  |
Destination   |  (edge) to PAD  |   Corner   |  (edge) to PAD  |   Corner   |Internal Clock(s) | Phase  |
--------------+-----------------+------------+-----------------+------------+------------------+--------+
output_7seg<0>|         6.529(R)|      SLOW  |         3.118(R)|      FAST  |clk_BUFGP         |   0.000|
output_7seg<1>|         6.529(R)|      SLOW  |         3.118(R)|      FAST  |clk_BUFGP         |   0.000|
output_7seg<2>|         6.486(R)|      SLOW  |         3.075(R)|      FAST  |clk_BUFGP         |   0.000|
output_7seg<3>|         6.486(R)|      SLOW  |         3.075(R)|      FAST  |clk_BUFGP         |   0.000|
output_7seg<4>|         6.487(R)|      SLOW  |         3.076(R)|      FAST  |clk_BUFGP         |   0.000|
output_7seg<5>|         6.537(R)|      SLOW  |         3.126(R)|      FAST  |clk_BUFGP         |   0.000|
output_7seg<6>|         6.537(R)|      SLOW  |         3.126(R)|      FAST  |clk_BUFGP         |   0.000|
--------------+-----------------+------------+-----------------+------------+------------------+--------+


Analysis completed Sat Apr 03 22:25:40 2021 
--------------------------------------------------------------------------------

Trace Settings:
-------------------------
Trace Settings 

Peak Memory Usage: 4571 MB



